=== pytest test_company_bootstrap ===
/Users/mithunsuresh/Documents/workforce-app/backend/venv/lib/python3.11/site-packages/pytest_asyncio/plugin.py:252: PytestDeprecationWarning: The configuration option "asyncio_default_fixture_loop_scope" is unset.
The event loop scope for asynchronous fixtures will default to the fixture caching scope. Future versions of pytest-asyncio will default the loop scope for asynchronous fixtures to function scope. Set the default fixture loop scope explicitly in order to avoid unexpected behavior in the future. Valid fixture loop scopes are: "function", "class", "module", "package", "session"

  warnings.warn(PytestDeprecationWarning(_DEFAULT_FIXTURE_LOOP_SCOPE_UNSET))
./Users/mithunsuresh/Documents/workforce-app/backend/venv/lib/python3.11/site-packages/coverage/inorout.py:521: CoverageWarning: Module backend/app was never imported. (module-not-imported); see https://coverage.readthedocs.io/en/7.11.0/messages.html#warning-module-not-imported
  self.warn(f"Module {pkg} was never imported.", slug="module-not-imported")
/Users/mithunsuresh/Documents/workforce-app/backend/venv/lib/python3.11/site-packages/coverage/control.py:946: CoverageWarning: No data was collected. (no-data-collected); see https://coverage.readthedocs.io/en/7.11.0/messages.html#warning-no-data-collected
  self._warn("No data was collected.", slug="no-data-collected")
/Users/mithunsuresh/Documents/workforce-app/backend/venv/lib/python3.11/site-packages/pytest_cov/plugin.py:363: CovReportWarning: Failed to generate report: No data to report.

  warnings.warn(CovReportWarning(message), stacklevel=1)

WARNING: Failed to generate report: No data to report.

                                                                         [100%]
=============================== warnings summary ===============================
venv/lib/python3.11/site-packages/pydantic/_internal/_config.py:291: 27 warnings
  /Users/mithunsuresh/Documents/workforce-app/backend/venv/lib/python3.11/site-packages/pydantic/_internal/_config.py:291: PydanticDeprecatedSince20: Support for class-based `config` is deprecated, use ConfigDict instead. Deprecated in Pydantic V2.0 to be removed in V3.0. See Pydantic V2 Migration Guide at https://errors.pydantic.dev/2.9/migration/
    warnings.warn(DEPRECATION_MESSAGE, DeprecationWarning)

app/schemas/schemas.py:103
  /Users/mithunsuresh/Documents/workforce-app/backend/app/schemas/schemas.py:103: PydanticDeprecatedSince20: Pydantic V1 style `@validator` validators are deprecated. You should migrate to Pydantic V2 style `@field_validator` validators, see the migration guide for more details. Deprecated in Pydantic V2.0 to be removed in V3.0. See Pydantic V2 Migration Guide at https://errors.pydantic.dev/2.9/migration/
    @validator('status', pre=True, always=True)

app/schemas/schemas.py:195
  /Users/mithunsuresh/Documents/workforce-app/backend/app/schemas/schemas.py:195: PydanticDeprecatedSince20: Pydantic V1 style `@validator` validators are deprecated. You should migrate to Pydantic V2 style `@field_validator` validators, see the migration guide for more details. Deprecated in Pydantic V2.0 to be removed in V3.0. See Pydantic V2 Migration Guide at https://errors.pydantic.dev/2.9/migration/
    @validator('type')

app/schemas/schemas.py:202
  /Users/mithunsuresh/Documents/workforce-app/backend/app/schemas/schemas.py:202: PydanticDeprecatedSince20: Pydantic V1 style `@validator` validators are deprecated. You should migrate to Pydantic V2 style `@field_validator` validators, see the migration guide for more details. Deprecated in Pydantic V2.0 to be removed in V3.0. See Pydantic V2 Migration Guide at https://errors.pydantic.dev/2.9/migration/
    @validator('end_at')

venv/lib/python3.11/site-packages/passlib/utils/__init__.py:854
  /Users/mithunsuresh/Documents/workforce-app/backend/venv/lib/python3.11/site-packages/passlib/utils/__init__.py:854: DeprecationWarning: 'crypt' is deprecated and slated for removal in Python 3.13
    from crypt import crypt as _crypt

app/main.py:141
  /Users/mithunsuresh/Documents/workforce-app/backend/app/main.py:141: DeprecationWarning: 
          on_event is deprecated, use lifespan event handlers instead.
  
          Read more about it in the
          [FastAPI docs for Lifespan Events](https://fastapi.tiangolo.com/advanced/events/).
          
    @app.on_event("startup")

venv/lib/python3.11/site-packages/fastapi/applications.py:4495
  /Users/mithunsuresh/Documents/workforce-app/backend/venv/lib/python3.11/site-packages/fastapi/applications.py:4495: DeprecationWarning: 
          on_event is deprecated, use lifespan event handlers instead.
  
          Read more about it in the
          [FastAPI docs for Lifespan Events](https://fastapi.tiangolo.com/advanced/events/).
          
    return self.router.on_event(event_type)

-- Docs: https://docs.pytest.org/en/stable/how-to/capture-warnings.html
================================ tests coverage ================================
_______________ coverage: platform darwin, python 3.11.1-final-0 _______________

=== pytest test_rbac ===
/Users/mithunsuresh/Documents/workforce-app/backend/venv/lib/python3.11/site-packages/pytest_asyncio/plugin.py:252: PytestDeprecationWarning: The configuration option "asyncio_default_fixture_loop_scope" is unset.
The event loop scope for asynchronous fixtures will default to the fixture caching scope. Future versions of pytest-asyncio will default the loop scope for asynchronous fixtures to function scope. Set the default fixture loop scope explicitly in order to avoid unexpected behavior in the future. Valid fixture loop scopes are: "function", "class", "module", "package", "session"

  warnings.warn(PytestDeprecationWarning(_DEFAULT_FIXTURE_LOOP_SCOPE_UNSET))
................/Users/mithunsuresh/Documents/workforce-app/backend/venv/lib/python3.11/site-packages/coverage/inorout.py:521: CoverageWarning: Module backend/app was never imported. (module-not-imported); see https://coverage.readthedocs.io/en/7.11.0/messages.html#warning-module-not-imported
  self.warn(f"Module {pkg} was never imported.", slug="module-not-imported")
/Users/mithunsuresh/Documents/workforce-app/backend/venv/lib/python3.11/site-packages/coverage/control.py:946: CoverageWarning: No data was collected. (no-data-collected); see https://coverage.readthedocs.io/en/7.11.0/messages.html#warning-no-data-collected
  self._warn("No data was collected.", slug="no-data-collected")
/Users/mithunsuresh/Documents/workforce-app/backend/venv/lib/python3.11/site-packages/pytest_cov/plugin.py:363: CovReportWarning: Failed to generate report: No data to report.

  warnings.warn(CovReportWarning(message), stacklevel=1)

WARNING: Failed to generate report: No data to report.

                                                                         [100%]
=============================== warnings summary ===============================
venv/lib/python3.11/site-packages/pydantic/_internal/_config.py:291: 27 warnings
  /Users/mithunsuresh/Documents/workforce-app/backend/venv/lib/python3.11/site-packages/pydantic/_internal/_config.py:291: PydanticDeprecatedSince20: Support for class-based `config` is deprecated, use ConfigDict instead. Deprecated in Pydantic V2.0 to be removed in V3.0. See Pydantic V2 Migration Guide at https://errors.pydantic.dev/2.9/migration/
    warnings.warn(DEPRECATION_MESSAGE, DeprecationWarning)

app/schemas/schemas.py:103
  /Users/mithunsuresh/Documents/workforce-app/backend/app/schemas/schemas.py:103: PydanticDeprecatedSince20: Pydantic V1 style `@validator` validators are deprecated. You should migrate to Pydantic V2 style `@field_validator` validators, see the migration guide for more details. Deprecated in Pydantic V2.0 to be removed in V3.0. See Pydantic V2 Migration Guide at https://errors.pydantic.dev/2.9/migration/
    @validator('status', pre=True, always=True)

app/schemas/schemas.py:195
  /Users/mithunsuresh/Documents/workforce-app/backend/app/schemas/schemas.py:195: PydanticDeprecatedSince20: Pydantic V1 style `@validator` validators are deprecated. You should migrate to Pydantic V2 style `@field_validator` validators, see the migration guide for more details. Deprecated in Pydantic V2.0 to be removed in V3.0. See Pydantic V2 Migration Guide at https://errors.pydantic.dev/2.9/migration/
    @validator('type')

app/schemas/schemas.py:202
  /Users/mithunsuresh/Documents/workforce-app/backend/app/schemas/schemas.py:202: PydanticDeprecatedSince20: Pydantic V1 style `@validator` validators are deprecated. You should migrate to Pydantic V2 style `@field_validator` validators, see the migration guide for more details. Deprecated in Pydantic V2.0 to be removed in V3.0. See Pydantic V2 Migration Guide at https://errors.pydantic.dev/2.9/migration/
    @validator('end_at')

venv/lib/python3.11/site-packages/passlib/utils/__init__.py:854
  /Users/mithunsuresh/Documents/workforce-app/backend/venv/lib/python3.11/site-packages/passlib/utils/__init__.py:854: DeprecationWarning: 'crypt' is deprecated and slated for removal in Python 3.13
    from crypt import crypt as _crypt

app/main.py:141
  /Users/mithunsuresh/Documents/workforce-app/backend/app/main.py:141: DeprecationWarning: 
          on_event is deprecated, use lifespan event handlers instead.
  
          Read more about it in the
          [FastAPI docs for Lifespan Events](https://fastapi.tiangolo.com/advanced/events/).
          
    @app.on_event("startup")

venv/lib/python3.11/site-packages/fastapi/applications.py:4495
  /Users/mithunsuresh/Documents/workforce-app/backend/venv/lib/python3.11/site-packages/fastapi/applications.py:4495: DeprecationWarning: 
          on_event is deprecated, use lifespan event handlers instead.
  
          Read more about it in the
          [FastAPI docs for Lifespan Events](https://fastapi.tiangolo.com/advanced/events/).
          
    return self.router.on_event(event_type)

-- Docs: https://docs.pytest.org/en/stable/how-to/capture-warnings.html
================================ tests coverage ================================
_______________ coverage: platform darwin, python 3.11.1-final-0 _______________

=== pytest full suite ===
/Users/mithunsuresh/Documents/workforce-app/backend/venv/lib/python3.11/site-packages/pytest_asyncio/plugin.py:252: PytestDeprecationWarning: The configuration option "asyncio_default_fixture_loop_scope" is unset.
The event loop scope for asynchronous fixtures will default to the fixture caching scope. Future versions of pytest-asyncio will default the loop scope for asynchronous fixtures to function scope. Set the default fixture loop scope explicitly in order to avoid unexpected behavior in the future. Valid fixture loop scopes are: "function", "class", "module", "package", "session"

  warnings.warn(PytestDeprecationWarning(_DEFAULT_FIXTURE_LOOP_SCOPE_UNSET))

==================================== ERRORS ====================================
_____________ ERROR collecting tests/test_websocket_reliability.py _____________
ImportError while importing test module '/Users/mithunsuresh/Documents/workforce-app/backend/tests/test_websocket_reliability.py'.
Hint: make sure your test modules/packages have valid Python names.
Traceback:
/Library/Frameworks/Python.framework/Versions/3.11/lib/python3.11/importlib/__init__.py:126: in import_module
    return _bootstrap._gcd_import(name[level:], package, level)
tests/test_websocket_reliability.py:4: in <module>
    from backend.app.routers.websocket_manager import WebSocketManager, ws_manager
E   ModuleNotFoundError: No module named 'backend'
=============================== warnings summary ===============================
venv/lib/python3.11/site-packages/pydantic/_internal/_config.py:291: 27 warnings
  /Users/mithunsuresh/Documents/workforce-app/backend/venv/lib/python3.11/site-packages/pydantic/_internal/_config.py:291: PydanticDeprecatedSince20: Support for class-based `config` is deprecated, use ConfigDict instead. Deprecated in Pydantic V2.0 to be removed in V3.0. See Pydantic V2 Migration Guide at https://errors.pydantic.dev/2.9/migration/
    warnings.warn(DEPRECATION_MESSAGE, DeprecationWarning)

app/schemas/schemas.py:103
  /Users/mithunsuresh/Documents/workforce-app/backend/app/schemas/schemas.py:103: PydanticDeprecatedSince20: Pydantic V1 style `@validator` validators are deprecated. You should migrate to Pydantic V2 style `@field_validator` validators, see the migration guide for more details. Deprecated in Pydantic V2.0 to be removed in V3.0. See Pydantic V2 Migration Guide at https://errors.pydantic.dev/2.9/migration/
    @validator('status', pre=True, always=True)

app/schemas/schemas.py:195
  /Users/mithunsuresh/Documents/workforce-app/backend/app/schemas/schemas.py:195: PydanticDeprecatedSince20: Pydantic V1 style `@validator` validators are deprecated. You should migrate to Pydantic V2 style `@field_validator` validators, see the migration guide for more details. Deprecated in Pydantic V2.0 to be removed in V3.0. See Pydantic V2 Migration Guide at https://errors.pydantic.dev/2.9/migration/
    @validator('type')

app/schemas/schemas.py:202
  /Users/mithunsuresh/Documents/workforce-app/backend/app/schemas/schemas.py:202: PydanticDeprecatedSince20: Pydantic V1 style `@validator` validators are deprecated. You should migrate to Pydantic V2 style `@field_validator` validators, see the migration guide for more details. Deprecated in Pydantic V2.0 to be removed in V3.0. See Pydantic V2 Migration Guide at https://errors.pydantic.dev/2.9/migration/
    @validator('end_at')

venv/lib/python3.11/site-packages/passlib/utils/__init__.py:854
  /Users/mithunsuresh/Documents/workforce-app/backend/venv/lib/python3.11/site-packages/passlib/utils/__init__.py:854: DeprecationWarning: 'crypt' is deprecated and slated for removal in Python 3.13
    from crypt import crypt as _crypt

app/main.py:141
  /Users/mithunsuresh/Documents/workforce-app/backend/app/main.py:141: DeprecationWarning: 
          on_event is deprecated, use lifespan event handlers instead.
  
          Read more about it in the
          [FastAPI docs for Lifespan Events](https://fastapi.tiangolo.com/advanced/events/).
          
    @app.on_event("startup")

venv/lib/python3.11/site-packages/fastapi/applications.py:4495
  /Users/mithunsuresh/Documents/workforce-app/backend/venv/lib/python3.11/site-packages/fastapi/applications.py:4495: DeprecationWarning: 
          on_event is deprecated, use lifespan event handlers instead.
  
          Read more about it in the
          [FastAPI docs for Lifespan Events](https://fastapi.tiangolo.com/advanced/events/).
          
    return self.router.on_event(event_type)

-- Docs: https://docs.pytest.org/en/stable/how-to/capture-warnings.html
=========================== short test summary info ============================
ERROR tests/test_websocket_reliability.py
!!!!!!!!!!!!!!!!!!!! Interrupted: 1 error during collection !!!!!!!!!!!!!!!!!!!!
33 warnings, 1 error in 0.63s
pytest finished with exit code 0
